sysmoUSIM-SJS1 parameterization tool
Copyright (c)2017-2019 Sysmocom s.f.m.c. GmbH

Initializing smartcard terminal...
 * Detected Card ICCID: 8988211320300000028
 * Detected Card IMSI:  262423203000002

Authenticating...
 * Remaining attempts: 3
 * Authenticating...
 * Authentication successful
 * Remaining attempts: 3

Reading SIM-Mode...
 * Initalizing...
 * Reading...
 * Current status of Record No. 1 in EF.DIR:
   61194f10a0000000871002ffffffff890709000050055553696d31ffffffffffffffffffffff
   ==> USIM application enabled

Done!
