sysmoUSIM-SJS1 parameterization tool
Copyright (c)2017 Sysmocom s.f.m.c. GmbH

Initializing smartcard terminal...
 * Detected Card ICCID: 8988211320300000028
 * Detected Card IMSI:  262423203000002

Authenticating...
 * Remaining attempts: 3
 * Authenticating...
 * Authentication successful
 * Remaining attempts: 3

Writing OP value...
 * Initalizing...
 * New OPc setting:
   OPc: 000102030405060708090a0b0c0d0e0f
 * Programming...

Done!
sysmoUSIM-SJS1 parameterization tool
Copyright (c)2017 Sysmocom s.f.m.c. GmbH

Initializing smartcard terminal...
 * Detected Card ICCID: 8988211320300000028
 * Detected Card IMSI:  262423203000002

Authenticating...
 * Remaining attempts: 3
 * Authenticating...
 * Authentication successful
 * Remaining attempts: 3

Reading OP/c value...
 * Initalizing...
 * Reading...
 * Current OP/OPc setting:
   OPc: 000102030405060708090a0b0c0d0e0f

Done!
sysmoUSIM-SJS1 parameterization tool
Copyright (c)2017 Sysmocom s.f.m.c. GmbH

Initializing smartcard terminal...
 * Detected Card ICCID: 8988211320300000028
 * Detected Card IMSI:  262423203000002

Authenticating...
 * Remaining attempts: 3
 * Authenticating...
 * Authentication successful
 * Remaining attempts: 3

Writing OP value...
 * Initalizing...
 * New OPc setting:
   OP: 840337c3d45397ce8ea8609ffdc47224
 * Programming...

Done!
sysmoUSIM-SJS1 parameterization tool
Copyright (c)2017 Sysmocom s.f.m.c. GmbH

Initializing smartcard terminal...
 * Detected Card ICCID: 8988211320300000028
 * Detected Card IMSI:  262423203000002

Authenticating...
 * Remaining attempts: 3
 * Authenticating...
 * Authentication successful
 * Remaining attempts: 3

Reading OP/c value...
 * Initalizing...
 * Reading...
 * Current OP/OPc setting:
   OP: 840337c3d45397ce8ea8609ffdc47224

Done!
