sysmoISIM-SJA2 parameterization tool
Copyright (c)2019 Sysmocom s.f.m.c. GmbH

Trying to find card with ATR: 3B 9F 96 80 1F 87 80 31 E0 73 FE 21 1B 67 4A 4C 75 30 34 05 4B A9
Initializing smartcard terminal...
 * Detected Card IMSI:  262423203000002
   ISIM Application installed
   USIM Application installed

Authenticating...
 * Remaining attempts: 3
 * Authenticating...
 * Authentication successful
 * Remaining attempts: 3

Writing KI value...
 * Initalizing...
 * New KI setting:
   KI: a0b1c2d3e4f5061728394a5b6c7d8e9f
 * Programming...

Done!
sysmoISIM-SJA2 parameterization tool
Copyright (c)2019 Sysmocom s.f.m.c. GmbH

Trying to find card with ATR: 3B 9F 96 80 1F 87 80 31 E0 73 FE 21 1B 67 4A 4C 75 30 34 05 4B A9
Initializing smartcard terminal...
 * Detected Card IMSI:  262423203000002
   ISIM Application installed
   USIM Application installed

Authenticating...
 * Remaining attempts: 3
 * Authenticating...
 * Authentication successful
 * Remaining attempts: 3

Reading KI value...
 * Initalizing...
 * Reading...
 * Current KI setting:
   KI: a0b1c2d3e4f5061728394a5b6c7d8e9f

Done!
sysmoISIM-SJA2 parameterization tool
Copyright (c)2019 Sysmocom s.f.m.c. GmbH

Trying to find card with ATR: 3B 9F 96 80 1F 87 80 31 E0 73 FE 21 1B 67 4A 4C 75 30 34 05 4B A9
Initializing smartcard terminal...
 * Detected Card IMSI:  262423203000002
   ISIM Application installed
   USIM Application installed

Authenticating...
 * Remaining attempts: 3
 * Authenticating...
 * Authentication successful
 * Remaining attempts: 3

Writing KI value...
 * Initalizing...
 * New KI setting:
   KI: 94c7f52c8c7337fad1af3a73b17b56ac
 * Programming...

Done!
sysmoISIM-SJA2 parameterization tool
Copyright (c)2019 Sysmocom s.f.m.c. GmbH

Trying to find card with ATR: 3B 9F 96 80 1F 87 80 31 E0 73 FE 21 1B 67 4A 4C 75 30 34 05 4B A9
Initializing smartcard terminal...
 * Detected Card IMSI:  262423203000002
   ISIM Application installed
   USIM Application installed

Authenticating...
 * Remaining attempts: 3
 * Authenticating...
 * Authentication successful
 * Remaining attempts: 3

Reading KI value...
 * Initalizing...
 * Reading...
 * Current KI setting:
   KI: 94c7f52c8c7337fad1af3a73b17b56ac

Done!
